Microchip MPLAB XC8 Compiler V1.33 ()

Linker command line:

--edf=C:\Program Files (x86)\Microchip\xc8\v1.33\dat\en_msgs.txt -cs \
  -h+dist/default/production\BedroomClock.X.production.sym \
  --cmf=dist/default/production\BedroomClock.X.production.cmf -z -Q16F1825 \
  -oC:\Users\Sale\AppData\Local\Temp\s2tlk.6 \
  -Mdist/default/production/BedroomClock.X.production.map -E1 -ver=XC8 \
  -ASTACK=02090h-0231fh -pstack=STACK -ACONST=00h-0FFhx32 \
  -ACODE=00h-07FFhx4 -ASTRCODE=00h-01FFFh -AENTRY=00h-0FFhx32 \
  -ASTRING=00h-0FFhx32 -ACOMMON=070h-07Fh -ABANK0=020h-06Fh \
  -ABANK1=0A0h-0EFh -ABANK2=0120h-016Fh -ABANK3=01A0h-01EFh \
  -ABANK4=0220h-026Fh -ABANK5=02A0h-02EFh -ABANK6=0320h-036Fh \
  -ABANK7=03A0h-03EFh -ABANK8=0420h-046Fh -ABANK9=04A0h-04EFh \
  -ABANK10=0520h-056Fh -ABANK11=05A0h-05EFh -ABANK12=0620h-064Fh \
  -ABIGRAM=02000h-023EFh \
  -ARAM=020h-06Fh,0A0h-0EFh,0120h-016Fh,01A0h-01EFh,0220h-026Fh,02A0h-02EFh,0320h-036Fh,03A0h-03EFh,0420h-046Fh,04A0h-04EFh,0520h-056Fh,05A0h-05EFh,0620h-064Fh \
  -AABS1=020h-07Fh,0A0h-0EFh,0120h-016Fh,01A0h-01EFh,0220h-026Fh,02A0h-02EFh,0320h-036Fh,03A0h-03EFh,0420h-046Fh,04A0h-04EFh,0520h-056Fh,05A0h-05EFh,0620h-064Fh \
  -ASFR0=00h-01Fh -ASFR1=080h-09Fh -ASFR2=0100h-011Fh -ASFR3=0180h-019Fh \
  -ASFR4=0200h-021Fh -ASFR5=0280h-029Fh -ASFR6=0300h-031Fh \
  -ASFR7=0380h-039Fh -ASFR8=0400h-041Fh -ASFR9=0480h-049Fh \
  -ASFR10=0500h-051Fh -ASFR11=0580h-059Fh -ASFR12=0600h-061Fh \
  -ASFR13=0680h-06EFh -ASFR14=0700h-076Fh -ASFR15=0780h-07EFh \
  -ASFR16=0800h-086Fh -ASFR17=0880h-08EFh -ASFR18=0900h-096Fh \
  -ASFR19=0980h-09EFh -ASFR20=0A00h-0A6Fh -ASFR21=0A80h-0AEFh \
  -ASFR22=0B00h-0B6Fh -ASFR23=0B80h-0BEFh -ASFR24=0C00h-0C6Fh \
  -ASFR25=0C80h-0CEFh -ASFR26=0D00h-0D6Fh -ASFR27=0D80h-0DEFh \
  -ASFR28=0E00h-0E6Fh -ASFR29=0E80h-0EEFh -ASFR30=0F00h-0F6Fh \
  -ASFR31=0F80h-0FEFh -preset_vec=00h,intentry=04h,init,end_init \
  -ppowerup=CODE -pcinit=CODE -pfunctab=CODE -ACONFIG=08007h-08008h \
  -pconfig=CONFIG -DCONFIG=2 -AIDLOC=08000h-08003h -pidloc=IDLOC -DIDLOC=2 \
  -AEEDATA=00h-0FFh/0F000h -peeprom_data=EEDATA -DEEDATA=2 -DCODE=2 \
  -DSTRCODE=2 -DSTRING=2 -DCONST=2 -DENTRY=2 -k \
  C:\Users\Sale\AppData\Local\Temp\s2tlk.obj \
  dist/default/production\BedroomClock.X.production.obj 

Object code version is 3.11

Machine type is 16F1825



                Name                               Link     Load   Length Selector   Space Scale
C:\Users\Sale\AppData\Local\Temp\s2tlk.obj
                end_init                             35       35        2        8       0
                reset_vec                             0        0        2        0       0
                config                             8007     8007        2    1000E       0
dist/default/production\BedroomClock.X.production.obj
                cinit                                37       37       24        8       0
                intentry                              4        4       31        8       0
                text29                              E43      E43        5     1C86       0
                text28                              E48      E48        5     1C90       0
                text27                              EBE      EBE       1F     1D7C       0
                text26                              E5E      E5E        9     1CBC       0
                text25                              E52      E52        6     1CA4       0
                text24                              E3F      E3F        4     1C7E       0
                text23                              F78      F78       24     1EF0       0
                text22                              E70      E70       11     1CE0       0
                text21                              EDD      EDD       1F     1DBA       0
                text20                              E67      E67        9     1CCE       0
                text19                              EFC      EFC       1F     1DF8       0
                text18                              F1B      F1B       1F     1E36       0
                text17                              F3A      F3A       1F     1E74       0
                text16                              7D3      7D3       26      E96       0
                text15                              F59      F59       1F     1EB2       0
                text14                              604      604       53        8       0
                text13                              74B      74B       47      E96       0
                text12                              335      335      12B        8       0
                text11                              E81      E81       12     1D02       0
                text10                              6F4      6F4        A        8       0
                text9                               657      657       51        8       0
                text8                               5AC      5AC       58        8       0
                text7                               EA8      EA8       16     1D50       0
                text6                               F9C      F9C       24     1F38       0
                text5                               511      511       9B        8       0
                text4                               792      792       41      E96       0
                text3                               460      460       B1        8       0
                text2                               6A8      6A8       4C        8       0
                text1                               E93      E93       15     1D26       0
                maintext                             5B       5B      2DA        8       0
                cstackBANK0                          20       20       1D       20       1
                cstackCOMMON                         70       70        B       70       1
                inittext                            E58      E58        6     1CB0       0
                clrtext                             7F9      7F9        6      E96       0
                dataBANK1                            A0       A0       40       A0       1
                dataBANK0                            4B       4B        5       20       1
                bssBANK0                             3D       3D        E       20       1
                bssCOMMON                            7B       7B        1       70       1
                stringtext                          700      700       4B        E       0
                idataBANK1                          FC0      FC0       40     1F80       0
                idataBANK0                          E4D      E4D        5     1C9A       0

TOTAL           Name                               Link     Load   Length     Space
        CLASS   STACK          

        CLASS   CONST          

        CLASS   CODE           
                end_init                             35       35        2         0
                cinit                                37       37       24         0
                intentry                              4        4       31         0
                reset_vec                             0        0        2         0
                text29                              E43      E43        5         0
                text28                              E48      E48        5         0
                text27                              EBE      EBE       1F         0
                text26                              E5E      E5E        9         0
                text25                              E52      E52        6         0
                text24                              E3F      E3F        4         0
                text23                              F78      F78       24         0
                text22                              E70      E70       11         0
                text21                              EDD      EDD       1F         0
                text20                              E67      E67        9         0
                text19                              EFC      EFC       1F         0
                text18                              F1B      F1B       1F         0
                text17                              F3A      F3A       1F         0
                text16                              7D3      7D3       26         0
                text15                              F59      F59       1F         0
                text14                              604      604       53         0
                text13                              74B      74B       47         0
                text12                              335      335      12B         0
                text11                              E81      E81       12         0
                text10                              6F4      6F4        A         0
                text9                               657      657       51         0
                text8                               5AC      5AC       58         0
                text7                               EA8      EA8       16         0
                text6                               F9C      F9C       24         0
                text5                               511      511       9B         0
                text4                               792      792       41         0
                text3                               460      460       B1         0
                text2                               6A8      6A8       4C         0
                text1                               E93      E93       15         0
                maintext                             5B       5B      2DA         0
                inittext                            E58      E58        6         0
                clrtext                             7F9      7F9        6         0
                idataBANK1                          FC0      FC0       40         0
                idataBANK0                          E4D      E4D        5         0

        CLASS   STRCODE        
                stringtext                          700      700       4B         0

        CLASS   ENTRY          

        CLASS   STRING         

        CLASS   COMMON         
                cstackCOMMON                         70       70        B         1
                bssCOMMON                            7B       7B        1         1

        CLASS   BANK0          
                cstackBANK0                          20       20       1D         1
                dataBANK0                            4B       4B        5         1
                bssBANK0                             3D       3D        E         1

        CLASS   BANK1          
                dataBANK1                            A0       A0       40         1

        CLASS   BANK2          

        CLASS   BANK3          

        CLASS   BANK4          

        CLASS   BANK5          

        CLASS   BANK6          

        CLASS   BANK7          

        CLASS   BANK8          

        CLASS   BANK9          

        CLASS   BANK10         

        CLASS   BANK11         

        CLASS   BANK12         

        CLASS   BIGRAM         

        CLASS   RAM            

        CLASS   ABS1           
                abs_s1                               7E       7E        2         1

        CLASS   SFR0           

        CLASS   SFR1           

        CLASS   SFR2           

        CLASS   SFR3           

        CLASS   SFR4           

        CLASS   SFR5           

        CLASS   SFR6           

        CLASS   SFR7           

        CLASS   SFR8           

        CLASS   SFR9           

        CLASS   SFR10          

        CLASS   SFR11          

        CLASS   SFR12          

        CLASS   SFR13          

        CLASS   SFR14          

        CLASS   SFR15          

        CLASS   SFR16          

        CLASS   SFR17          

        CLASS   SFR18          

        CLASS   SFR19          

        CLASS   SFR20          

        CLASS   SFR21          

        CLASS   SFR22          

        CLASS   SFR23          

        CLASS   SFR24          

        CLASS   SFR25          

        CLASS   SFR26          

        CLASS   SFR27          

        CLASS   SFR28          

        CLASS   SFR29          

        CLASS   SFR30          

        CLASS   SFR31          

        CLASS   CONFIG         
                config                             8007     8007        2         0

        CLASS   IDLOC          

        CLASS   EEDATA         

        CLASS   BANK31         

        CLASS   BANK30         

        CLASS   BANK29         

        CLASS   BANK28         

        CLASS   BANK27         

        CLASS   BANK26         

        CLASS   BANK25         

        CLASS   BANK24         

        CLASS   BANK23         

        CLASS   BANK22         

        CLASS   BANK21         

        CLASS   BANK20         

        CLASS   BANK19         

        CLASS   BANK18         

        CLASS   BANK17         

        CLASS   BANK16         

        CLASS   BANK15         

        CLASS   BANK14         

        CLASS   BANK13         



SEGMENTS        Name                           Load    Length   Top    Selector   Space  Class     Delta

                reset_vec                      000000  000002  000002         0       0  CODE        2
                intentry                       000004  0006FA  0006FE         8       0  CODE        2
                cstackBANK0                    000020  000030  000050        20       1  BANK0       1
                cstackCOMMON                   000070  00000C  00007C        70       1  COMMON      1
                dataBANK1                      0000A0  000040  0000E0        A0       1  BANK1       1
                stringtext                     000700  00004B  00074B         E       0  STRCODE     2
                text13                         00074B  0000B4  0007FF       E96       0  CODE        2
                text24                         000E3F  000004  000E43      1C7E       0  CODE        2
                text29                         000E43  000005  000E48      1C86       0  CODE        2
                text28                         000E48  000005  000E4D      1C90       0  CODE        2
                idataBANK0                     000E4D  000005  000E52      1C9A       0  CODE        2
                text25                         000E52  000006  000E58      1CA4       0  CODE        2
                inittext                       000E58  000006  000E5E      1CB0       0  CODE        2
                text26                         000E5E  000009  000E67      1CBC       0  CODE        2
                text20                         000E67  000009  000E70      1CCE       0  CODE        2
                text22                         000E70  000011  000E81      1CE0       0  CODE        2
                text11                         000E81  000012  000E93      1D02       0  CODE        2
                text1                          000E93  000015  000EA8      1D26       0  CODE        2
                text7                          000EA8  000016  000EBE      1D50       0  CODE        2
                text27                         000EBE  00001F  000EDD      1D7C       0  CODE        2
                text21                         000EDD  00001F  000EFC      1DBA       0  CODE        2
                text19                         000EFC  00001F  000F1B      1DF8       0  CODE        2
                text18                         000F1B  00001F  000F3A      1E36       0  CODE        2
                text17                         000F3A  00001F  000F59      1E74       0  CODE        2
                text15                         000F59  00001F  000F78      1EB2       0  CODE        2
                text23                         000F78  000024  000F9C      1EF0       0  CODE        2
                text6                          000F9C  000024  000FC0      1F38       0  CODE        2
                idataBANK1                     000FC0  000040  001000      1F80       0  CODE        2
                config                         008007  000002  008009     1000E       0  CONFIG      2


UNUSED ADDRESS RANGES

        Name                Unused          Largest block    Delta
        BANK0            00050-0006F              20           1
        BANK1            000E0-000EF              10           1
        BANK10           00520-0056F              50           1
        BANK11           005A0-005EF              50           1
        BANK12           00620-0064F              30           1
        BANK2            00120-0016F              50           1
        BANK3            001A0-001EF              50           1
        BANK4            00220-0026F              50           1
        BANK5            002A0-002EF              50           1
        BANK6            00320-0036F              50           1
        BANK7            003A0-003EF              50           1
        BANK8            00420-0046F              50           1
        BANK9            004A0-004EF              50           1
        BIGRAM           02000-023EF             3F0           1
        CODE             00002-00003               2           2
                         006FE-006FF               2
                         007FF-00E3E               1
                         01000-01FFF             800
        COMMON           0007C-0007D               2           1
        CONST            00002-00003               2           2
                         006FE-006FF               2
                         007FF-00E3E             100
                         01000-01FFF             100
        EEDATA           0F000-0F0FF             100           2
        ENTRY            00002-00003               2           2
                         006FE-006FF               2
                         007FF-00E3E             100
                         01000-01FFF             100
        IDLOC            08000-08003               4           2
        RAM              00050-0006F              20           1
                         000E0-000EF              10
                         00120-0016F              50
                         001A0-001EF              50
                         00220-0026F              50
                         002A0-002EF              50
                         00320-0036F              50
                         003A0-003EF              50
                         00420-0046F              50
                         004A0-004EF              50
                         00520-0056F              50
                         005A0-005EF              50
                         00620-0064F              30
        SFR0             00000-0001F              20           1
        SFR1             00080-0009F              20           1
        SFR10            00500-0051F              20           1
        SFR11            00580-0059F              20           1
        SFR12            00600-0061F              20           1
        SFR13            00680-006EF              70           1
        SFR14            00700-0076F              70           1
        SFR15            00780-007EF              70           1
        SFR16            00800-0086F              70           1
        SFR17            00880-008EF              70           1
        SFR18            00900-0096F              70           1
        SFR19            00980-009EF              70           1
        SFR2             00100-0011F              20           1
        SFR20            00A00-00A6F              70           1
        SFR21            00A80-00AEF              70           1
        SFR22            00B00-00B6F              70           1
        SFR23            00B80-00BEF              70           1
        SFR24            00C00-00C6F              70           1
        SFR25            00C80-00CEF              70           1
        SFR26            00D00-00D6F              70           1
        SFR27            00D80-00DEF              70           1
        SFR28            00E00-00E6F              70           1
        SFR29            00E80-00EEF              70           1
        SFR3             00180-0019F              20           1
        SFR30            00F00-00F6F              70           1
        SFR31            00F80-00FEF              70           1
        SFR4             00200-0021F              20           1
        SFR5             00280-0029F              20           1
        SFR6             00300-0031F              20           1
        SFR7             00380-0039F              20           1
        SFR8             00400-0041F              20           1
        SFR9             00480-0049F              20           1
        STACK            02090-0231F             290           1
        STRCODE          00002-00003               2           2
                         006FE-006FF               2
                         007FF-00E3E             640
                         01000-01FFF            1000
        STRING           00002-00003               2           2
                         006FE-006FF               2
                         007FF-00E3E             100
                         01000-01FFF             100

                                  Symbol Table

?___awdiv                             cstackCOMMON 00072
?___awmod                             cstackCOMMON 00072
DS1307GetDay@u8data                   cstackCOMMON 0007A
DS1307GetDayOfWeek@u8data             cstackBANK0  00022
DS1307GetHours@u8data                 cstackCOMMON 0007A
DS1307GetMinutes@u8data               cstackCOMMON 0007A
DS1307GetMonth@u8data                 cstackCOMMON 0007A
DS1307GetSeconds@sec10                cstackBANK0  00025
DS1307GetSeconds@u8data               cstackBANK0  00026
DS1307GetYear@u8data                  cstackCOMMON 0007A
DS1307ReadDataFrom@mem                cstackBANK0  00020
DS1307ReadDataFrom@u8data             cstackBANK0  00021
DS1307SetTimeAndDate@funcDayOfTheWeek cstackBANK0  00022
DS1307SetTimeAndDate@funcday          cstackBANK0  00023
DS1307SetTimeAndDate@funch            cstackBANK0  00036
DS1307SetTimeAndDate@funcm            cstackBANK0  00020
DS1307SetTimeAndDate@funcmonth        cstackBANK0  00024
DS1307SetTimeAndDate@funcs            cstackBANK0  00021
DS1307SetTimeAndDate@funcyear         cstackBANK0  00025
DS1307SetTimeAndDate@i                cstackBANK0  00037
DS1307SetTimeAndDate@values           cstackBANK0  0002E
LCDByte@c                             cstackCOMMON 00079
LCDByte@hn                            cstackCOMMON 00077
LCDByte@isdata                        cstackCOMMON 00074
LCDByte@ln                            cstackCOMMON 00078
LCDByte@temp                          cstackCOMMON 0007A
LCDGotoXY@x                           cstackBANK0  00022
LCDGotoXY@y                           cstackBANK0  00020
LCDInit@__i                           cstackBANK0  00024
LCDInit@style                         cstackBANK0  00023
LCDWriteInt@F2720                     bssBANK0     0003D
LCDWriteInt@field_length              cstackBANK0  00022
LCDWriteInt@i                         cstackBANK0  0002C
LCDWriteInt@j                         cstackBANK0  0002A
LCDWriteInt@str                       cstackBANK0  00025
LCDWriteInt@val                       cstackBANK0  00020
LCDWriteString@cc                     cstackBANK0  00023
LCDWriteString@msg                    cstackBANK0  00020
ShowDate@clear                        cstackBANK0  0002F
ShowDate@dd                           cstackBANK0  00031
ShowDate@dow                          cstackBANK0  00030
ShowDate@mm                           cstackBANK0  00032
ShowDate@x                            cstackBANK0  00037
ShowDate@y                            cstackBANK0  0002E
ShowDate@yy                           cstackBANK0  00033
ShowTime@clear                        cstackBANK0  0002F
ShowTime@hh                           cstackBANK0  00030
ShowTime@mm                           cstackBANK0  00031
ShowTime@x                            cstackBANK0  00035
ShowTime@y                            cstackBANK0  0002E
_ANSELA                               (abs)        0018C
_ANSELC                               (abs)        0018E
_CounterRefreshTime                   bssBANK0     00042
_DS1307GetDay                         text21       00EDD
_DS1307GetDayOfWeek                   text20       00E67
_DS1307GetHours                       text19       00EFC
_DS1307GetMinutes                     text18       00F1B
_DS1307GetMonth                       text17       00F3A
_DS1307GetSeconds                     text16       007D3
_DS1307GetYear                        text15       00F59
_DS1307ReadDataFrom                   text23       00F78
_DS1307SetTimeAndDate                 text12       00335
_DS1307StartOsc                       text11       00E81
_HourBlink                            dataBANK0    0004B
_I2C1_STATE                           bssCOMMON    0007B
_INTCONbits                           (abs)        0000B
_ISRRoutine                           intentry     00004
_LCDBusyLoop                          text10       006F4
_LCDByte                              text9        00657
_LCDGotoXY                            text6        00F9C
_LCDInit                              text8        005AC
_LCDWriteInt                          text5        00511
_LCDWriteString                       text4        00792
_OPTION_REGbits                       (abs)        00095
_OSCCONbits                           (abs)        00099
_PIR2bits                             (abs)        00012
_PORTAbits                            (abs)        0000C
_PORTC                                (abs)        0000E
_RA0                                  (abs)        00060
_RA1                                  (abs)        00061
_RA2                                  (abs)        00062
_SSP1BUF                              (abs)        00211
_SSP1CON1                             (abs)        00215
_SSP1CON1bits                         (abs)        00215
_SSP1CON2bits                         (abs)        00216
_SSP1CON3bits                         (abs)        00217
_SSP1MSK                              (abs)        00213
_SSP1STATbits                         (abs)        00214
_SSPADD                               (abs)        00212
_SetUpDevice                          text7        00EA8
_SetUpON                              bssBANK0     00046
_ShowDate                             text3        00460
_ShowTime                             text2        006A8
_TMR0IE                               (abs)        0005D
_TMR0IF                               (abs)        0005A
_TRISAbits                            (abs)        0008C
_TRISC                                (abs)        0008E
_TRISCbits                            (abs)        0008E
_TimeRefresh                          bssBANK0     00047
_Timer0Count                          bssBANK0     00044
__CFG_BOREN$ON                        (abs)        00000
__CFG_BORV$LO                         (abs)        00000
__CFG_CLKOUTEN$OFF                    (abs)        00000
__CFG_CP$OFF                          (abs)        00000
__CFG_CPD$OFF                         (abs)        00000
__CFG_FCMEN$ON                        (abs)        00000
__CFG_FOSC$INTOSC                     (abs)        00000
__CFG_IESO$ON                         (abs)        00000
__CFG_LVP$ON                          (abs)        00000
__CFG_MCLRE$ON                        (abs)        00000
__CFG_PLLEN$ON                        (abs)        00000
__CFG_PWRTE$OFF                       (abs)        00000
__CFG_STVREN$ON                       (abs)        00000
__CFG_WDTE$OFF                        (abs)        00000
__CFG_WRT$OFF                         (abs)        00000
__Habs1                               abs1         00000
__Hbank0                              bank0        00000
__Hbank1                              bank1        00000
__Hbank10                             bank10       00000
__Hbank11                             bank11       00000
__Hbank12                             bank12       00000
__Hbank13                             bank13       00000
__Hbank14                             bank14       00000
__Hbank15                             bank15       00000
__Hbank16                             bank16       00000
__Hbank17                             bank17       00000
__Hbank18                             bank18       00000
__Hbank19                             bank19       00000
__Hbank2                              bank2        00000
__Hbank20                             bank20       00000
__Hbank21                             bank21       00000
__Hbank22                             bank22       00000
__Hbank23                             bank23       00000
__Hbank24                             bank24       00000
__Hbank25                             bank25       00000
__Hbank26                             bank26       00000
__Hbank27                             bank27       00000
__Hbank28                             bank28       00000
__Hbank29                             bank29       00000
__Hbank3                              bank3        00000
__Hbank30                             bank30       00000
__Hbank31                             bank31       00000
__Hbank4                              bank4        00000
__Hbank5                              bank5        00000
__Hbank6                              bank6        00000
__Hbank7                              bank7        00000
__Hbank8                              bank8        00000
__Hbank9                              bank9        00000
__Hbigram                             bigram       00000
__HbssBANK0                           bssBANK0     00000
__HbssCOMMON                          bssCOMMON    00000
__Hcinit                              cinit        0005B
__Hclrtext                            clrtext      00000
__Hcode                               code         00000
__Hcommon                             common       00000
__Hconfig                             config       08009
__HcstackBANK0                        cstackBANK0  00000
__HcstackCOMMON                       cstackCOMMON 00000
__HdataBANK0                          dataBANK0    00000
__HdataBANK1                          dataBANK1    00000
__Heeprom_data                        eeprom_data  00000
__Hend_init                           end_init     00037
__Hfunctab                            functab      00000
__HidataBANK0                         idataBANK0   00000
__HidataBANK1                         idataBANK1   00000
__Hidloc                              idloc        00000
__Hinit                               init         00035
__Hinittext                           inittext     00000
__Hintentry                           intentry     00035
__Hmaintext                           maintext     00000
__Hpowerup                            powerup      00000
__Hram                                ram          00000
__Hreset_vec                          reset_vec    00002
__Hsfr0                               sfr0         00000
__Hsfr1                               sfr1         00000
__Hsfr10                              sfr10        00000
__Hsfr11                              sfr11        00000
__Hsfr12                              sfr12        00000
__Hsfr13                              sfr13        00000
__Hsfr14                              sfr14        00000
__Hsfr15                              sfr15        00000
__Hsfr16                              sfr16        00000
__Hsfr17                              sfr17        00000
__Hsfr18                              sfr18        00000
__Hsfr19                              sfr19        00000
__Hsfr2                               sfr2         00000
__Hsfr20                              sfr20        00000
__Hsfr21                              sfr21        00000
__Hsfr22                              sfr22        00000
__Hsfr23                              sfr23        00000
__Hsfr24                              sfr24        00000
__Hsfr25                              sfr25        00000
__Hsfr26                              sfr26        00000
__Hsfr27                              sfr27        00000
__Hsfr28                              sfr28        00000
__Hsfr29                              sfr29        00000
__Hsfr3                               sfr3         00000
__Hsfr30                              sfr30        00000
__Hsfr31                              sfr31        00000
__Hsfr4                               sfr4         00000
__Hsfr5                               sfr5         00000
__Hsfr6                               sfr6         00000
__Hsfr7                               sfr7         00000
__Hsfr8                               sfr8         00000
__Hsfr9                               sfr9         00000
__Hspace_0                            (abs)        08009
__Hspace_1                            (abs)        000E0
__Hspace_2                            (abs)        00000
__Hspace_3                            (abs)        00000
__Hstack                              stack        00000
__Hstrings                            strings      00000
__Hstringtext                         stringtext   00000
__Htext                               text         00000
__Labs1                               abs1         00000
__Lbank0                              bank0        00000
__Lbank1                              bank1        00000
__Lbank10                             bank10       00000
__Lbank11                             bank11       00000
__Lbank12                             bank12       00000
__Lbank13                             bank13       00000
__Lbank14                             bank14       00000
__Lbank15                             bank15       00000
__Lbank16                             bank16       00000
__Lbank17                             bank17       00000
__Lbank18                             bank18       00000
__Lbank19                             bank19       00000
__Lbank2                              bank2        00000
__Lbank20                             bank20       00000
__Lbank21                             bank21       00000
__Lbank22                             bank22       00000
__Lbank23                             bank23       00000
__Lbank24                             bank24       00000
__Lbank25                             bank25       00000
__Lbank26                             bank26       00000
__Lbank27                             bank27       00000
__Lbank28                             bank28       00000
__Lbank29                             bank29       00000
__Lbank3                              bank3        00000
__Lbank30                             bank30       00000
__Lbank31                             bank31       00000
__Lbank4                              bank4        00000
__Lbank5                              bank5        00000
__Lbank6                              bank6        00000
__Lbank7                              bank7        00000
__Lbank8                              bank8        00000
__Lbank9                              bank9        00000
__Lbigram                             bigram       00000
__LbssBANK0                           bssBANK0     00000
__LbssCOMMON                          bssCOMMON    00000
__Lcinit                              cinit        00037
__Lclrtext                            clrtext      00000
__Lcode                               code         00000
__Lcommon                             common       00000
__Lconfig                             config       08007
__LcstackBANK0                        cstackBANK0  00000
__LcstackCOMMON                       cstackCOMMON 00000
__LdataBANK0                          dataBANK0    00000
__LdataBANK1                          dataBANK1    00000
__Leeprom_data                        eeprom_data  00000
__Lend_init                           end_init     00035
__Lfunctab                            functab      00000
__LidataBANK0                         idataBANK0   00000
__LidataBANK1                         idataBANK1   00000
__Lidloc                              idloc        00000
__Linit                               init         00035
__Linittext                           inittext     00000
__Lintentry                           intentry     00004
__Lmaintext                           maintext     00000
__Lpowerup                            powerup      00000
__Lram                                ram          00000
__Lreset_vec                          reset_vec    00000
__Lsfr0                               sfr0         00000
__Lsfr1                               sfr1         00000
__Lsfr10                              sfr10        00000
__Lsfr11                              sfr11        00000
__Lsfr12                              sfr12        00000
__Lsfr13                              sfr13        00000
__Lsfr14                              sfr14        00000
__Lsfr15                              sfr15        00000
__Lsfr16                              sfr16        00000
__Lsfr17                              sfr17        00000
__Lsfr18                              sfr18        00000
__Lsfr19                              sfr19        00000
__Lsfr2                               sfr2         00000
__Lsfr20                              sfr20        00000
__Lsfr21                              sfr21        00000
__Lsfr22                              sfr22        00000
__Lsfr23                              sfr23        00000
__Lsfr24                              sfr24        00000
__Lsfr25                              sfr25        00000
__Lsfr26                              sfr26        00000
__Lsfr27                              sfr27        00000
__Lsfr28                              sfr28        00000
__Lsfr29                              sfr29        00000
__Lsfr3                               sfr3         00000
__Lsfr30                              sfr30        00000
__Lsfr31                              sfr31        00000
__Lsfr4                               sfr4         00000
__Lsfr5                               sfr5         00000
__Lsfr6                               sfr6         00000
__Lsfr7                               sfr7         00000
__Lsfr8                               sfr8         00000
__Lsfr9                               sfr9         00000
__Lspace_0                            (abs)        00000
__Lspace_1                            (abs)        00000
__Lspace_2                            (abs)        00000
__Lspace_3                            (abs)        00000
__Lstack                              stack        00000
__Lstrings                            strings      00000
__Lstringtext                         stringtext   00000
__Ltext                               text         00000
__S0                                  (abs)        08009
__S1                                  (abs)        000E0
__S2                                  (abs)        00000
__S3                                  (abs)        00000
___awdiv                              text14       00604
___awdiv@counter                      cstackCOMMON 00077
___awdiv@dividend                     cstackCOMMON 00074
___awdiv@divisor                      cstackCOMMON 00072
___awdiv@quotient                     cstackCOMMON 00079
___awdiv@sign                         cstackCOMMON 00078
___awmod                              text13       0074B
___awmod@counter                      cstackCOMMON 00077
___awmod@dividend                     cstackCOMMON 00074
___awmod@divisor                      cstackCOMMON 00072
___awmod@sign                         cstackCOMMON 00078
___bmul                               text22       00E70
___bmul@multiplicand                  cstackCOMMON 00072
___bmul@multiplier                    cstackCOMMON 00075
___bmul@product                       cstackCOMMON 00074
___cgram                              dataBANK1    000A0
___int_sp                             stack        00000
___latbits                            (abs)        00002
___sp                                 stack        00000
__end_of_DS1307GetDay                 text21       00EFC
__end_of_DS1307GetDayOfWeek           text20       00E70
__end_of_DS1307GetHours               text19       00F1B
__end_of_DS1307GetMinutes             text18       00F3A
__end_of_DS1307GetMonth               text17       00F59
__end_of_DS1307GetSeconds             text16       007F9
__end_of_DS1307GetYear                text15       00F78
__end_of_DS1307ReadDataFrom           text23       00F9C
__end_of_DS1307SetTimeAndDate         text12       00460
__end_of_DS1307StartOsc               text11       00E93
__end_of_ISRRoutine                   intentry     00035
__end_of_LCDBusyLoop                  text10       006FE
__end_of_LCDByte                      text9        006A8
__end_of_LCDGotoXY                    text6        00FC0
__end_of_LCDInit                      text8        00604
__end_of_LCDWriteInt                  text5        005AC
__end_of_LCDWriteString               text4        007D3
__end_of_SetUpDevice                  text7        00EBE
__end_of_ShowDate                     text3        00511
__end_of_ShowTime                     text2        006F4
__end_of___awdiv                      text14       00657
__end_of___awmod                      text13       00792
__end_of___bmul                       text22       00E81
__end_of__initialization              cinit        00057
__end_of__stringdata                  stringtext   0074B
__end_of_i2c_Start                    text29       00E48
__end_of_i2c_Stop                     text28       00E4D
__end_of_i2c_Write                    text26       00E67
__end_of_i2c_init                     text1        00EA8
__end_of_i2c_readByte                 text25       00E58
__end_of_i2c_sendNACK                 text24       00E43
__end_of_i2c_waitIDLE                 text27       00EDD
__end_of_main                         maintext     00335
__initialization                      cinit        00037
__pbssBANK0                           bssBANK0     0003D
__pbssCOMMON                          bssCOMMON    0007B
__pcstackBANK0                        cstackBANK0  00020
__pcstackCOMMON                       cstackCOMMON 00070
__pdataBANK0                          dataBANK0    0004B
__pdataBANK1                          dataBANK1    000A0
__pidataBANK0                         idataBANK0   00E4D
__pidataBANK1                         idataBANK1   00FC0
__pintentry                           intentry     00004
__pmaintext                           maintext     0005B
__pstringtext                         stringtext   00700
__ptext1                              text1        00E93
__ptext10                             text10       006F4
__ptext11                             text11       00E81
__ptext12                             text12       00335
__ptext13                             text13       0074B
__ptext14                             text14       00604
__ptext15                             text15       00F59
__ptext16                             text16       007D3
__ptext17                             text17       00F3A
__ptext18                             text18       00F1B
__ptext19                             text19       00EFC
__ptext2                              text2        006A8
__ptext20                             text20       00E67
__ptext21                             text21       00EDD
__ptext22                             text22       00E70
__ptext23                             text23       00F78
__ptext24                             text24       00E3F
__ptext25                             text25       00E52
__ptext26                             text26       00E5E
__ptext27                             text27       00EBE
__ptext28                             text28       00E48
__ptext29                             text29       00E43
__ptext3                              text3        00460
__ptext4                              text4        00792
__ptext5                              text5        00511
__ptext6                              text6        00F9C
__ptext7                              text7        00EA8
__ptext8                              text8        005AC
__ptext9                              text9        00657
__size_of_DS1307GetDay                (abs)        00000
__size_of_DS1307GetDayOfWeek          (abs)        00000
__size_of_DS1307GetHours              (abs)        00000
__size_of_DS1307GetMinutes            (abs)        00000
__size_of_DS1307GetMonth              (abs)        00000
__size_of_DS1307GetSeconds            (abs)        00000
__size_of_DS1307GetYear               (abs)        00000
__size_of_DS1307ReadDataFrom          (abs)        00000
__size_of_DS1307SetTimeAndDate        (abs)        00000
__size_of_DS1307StartOsc              (abs)        00000
__size_of_ISRRoutine                  (abs)        00000
__size_of_LCDBusyLoop                 (abs)        00000
__size_of_LCDByte                     (abs)        00000
__size_of_LCDGotoXY                   (abs)        00000
__size_of_LCDInit                     (abs)        00000
__size_of_LCDWriteInt                 (abs)        00000
__size_of_LCDWriteString              (abs)        00000
__size_of_SetUpDevice                 (abs)        00000
__size_of_ShowDate                    (abs)        00000
__size_of_ShowTime                    (abs)        00000
__size_of___awdiv                     (abs)        00000
__size_of___awmod                     (abs)        00000
__size_of___bmul                      (abs)        00000
__size_of_i2c_Start                   (abs)        00000
__size_of_i2c_Stop                    (abs)        00000
__size_of_i2c_Write                   (abs)        00000
__size_of_i2c_init                    (abs)        00000
__size_of_i2c_readByte                (abs)        00000
__size_of_i2c_sendNACK                (abs)        00000
__size_of_i2c_waitIDLE                (abs)        00000
__size_of_main                        (abs)        00000
__stringdata                          stringtext   00700
_day                                  dataBANK0    0004C
_dayoftheweek                         dataBANK0    0004D
_hours                                bssBANK0     00048
_i2c_Start                            text29       00E43
_i2c_Stop                             text28       00E48
_i2c_Write                            text26       00E5E
_i2c_init                             text1        00E93
_i2c_readByte                         text25       00E52
_i2c_sendNACK                         text24       00E3F
_i2c_waitIDLE                         text27       00EBE
_main                                 maintext     0005B
_minutes                              bssBANK0     00049
_month                                dataBANK0    0004E
_seconds                              bssBANK0     0004A
_year                                 dataBANK0    0004F
btemp                                 (abs)        0007E
clear_ram0                            clrtext      007F9
end_of_initialization                 cinit        00057
i2c_Write@data                        cstackCOMMON 00078
init_ram                              inittext     00E58
intlevel0                             functab      00000
intlevel1                             functab      00000
intlevel2                             functab      00000
intlevel3                             functab      00000
intlevel4                             functab      00000
intlevel5                             functab      00000
ltemp                                 (abs)        0007E
ltemp0                                (abs)        0007E
ltemp1                                (abs)        00082
ltemp2                                (abs)        00086
ltemp3                                (abs)        00080
pic14e$flags                          (abs)        0007E
reset_vec                             reset_vec    00000
stackhi                               (abs)        0231F
stacklo                               (abs)        02090
start                                 init         00035
start_initialization                  cinit        00037
ttemp                                 (abs)        0007E
ttemp0                                (abs)        0007E
ttemp1                                (abs)        00081
ttemp2                                (abs)        00084
ttemp3                                (abs)        00087
ttemp4                                (abs)        0007F
wtemp                                 (abs)        0007E
wtemp0                                (abs)        0007E
wtemp1                                (abs)        00080
wtemp2                                (abs)        00082
wtemp3                                (abs)        00084
wtemp4                                (abs)        00086
wtemp5                                (abs)        00088
wtemp6                                (abs)        0007F


FUNCTION INFORMATION:

 *************** function _main *****************
 Defined at:
		line 73 in file "main.c"
 Parameters:    Size  Location     Type
		None
 Auto vars:     Size  Location     Type
		None
 Return value:  Size  Location     Type
		None               void
 Registers used:
		wreg, fsr0l, fsr0h, fsr1l, fsr1h, status,2, status,0, pclath, cstack
 Tracked objects:
		On entry : 
		On exit  : 
		Unchanged: 
 Data sizes:     COMMON   BANK0   BANK1   BANK2   BANK3   BANK4   BANK5   BANK6   BANK7   BANK8   BANK9  BANK10  BANK11  BANK12
      Params:         0       0       0       0       0       0       0       0       0       0       0       0       0       0
      Locals:         0       0       0       0       0       0       0       0       0       0       0       0       0       0
      Temps:          0       5       0       0       0       0       0       0       0       0       0       0       0       0
      Totals:         0       5       0       0       0       0       0       0       0       0       0       0       0       0
Total ram usage:        5 bytes
 Hardware stack levels required when called:    5
 This function calls:
		_DS1307GetDay
		_DS1307GetDayOfWeek
		_DS1307GetHours
		_DS1307GetMinutes
		_DS1307GetMonth
		_DS1307GetSeconds
		_DS1307GetYear
		_DS1307SetTimeAndDate
		_DS1307StartOsc
		_LCDByte
		_LCDGotoXY
		_LCDInit
		_LCDWriteString
		_SetUpDevice
		_ShowDate
		_ShowTime
		_i2c_init
 This function is called by:
		Startup code after reset
 This function uses a non-reentrant model


 *************** function _i2c_init *****************
 Defined at:
		line 8 in file "i2cbysk.c"
 Parameters:    Size  Location     Type
		None
 Auto vars:     Size  Location     Type
		None
 Return value:  Size  Location     Type
		None               void
 Registers used:
		wreg, status,2, status,0
 Tracked objects:
		On entry : 
		On exit  : 
		Unchanged: 
 Data sizes:     COMMON   BANK0   BANK1   BANK2   BANK3   BANK4   BANK5   BANK6   BANK7   BANK8   BANK9  BANK10  BANK11  BANK12
      Params:         0       0       0       0       0       0       0       0       0       0       0       0       0       0
      Locals:         0       0       0       0       0       0       0       0       0       0       0       0       0       0
      Temps:          0       0       0       0       0       0       0       0       0       0       0       0       0       0
      Totals:         0       0       0       0       0       0       0       0       0       0       0       0       0       0
Total ram usage:        0 bytes
 Hardware stack levels used:    1
 Hardware stack levels required when called:    1
 This function calls:
		Nothing
 This function is called by:
		_main
 This function uses a non-reentrant model


 *************** function _ShowTime *****************
 Defined at:
		line 19 in file "main.c"
 Parameters:    Size  Location     Type
  x               1    wreg     unsigned char 
  y               1   14[BANK0 ] unsigned char 
  clear           1   15[BANK0 ] unsigned char 
  hh              1   16[BANK0 ] unsigned char 
  mm              1   17[BANK0 ] unsigned char 
 Auto vars:     Size  Location     Type
  x               1   21[BANK0 ] unsigned char 
 Return value:  Size  Location     Type
		None               void
 Registers used:
		wreg, fsr0l, fsr0h, fsr1l, fsr1h, status,2, status,0, pclath, cstack
 Tracked objects:
		On entry : 
		On exit  : 
		Unchanged: 
 Data sizes:     COMMON   BANK0   BANK1   BANK2   BANK3   BANK4   BANK5   BANK6   BANK7   BANK8   BANK9  BANK10  BANK11  BANK12
      Params:         0       4       0       0       0       0       0       0       0       0       0       0       0       0
      Locals:         0       1       0       0       0       0       0       0       0       0       0       0       0       0
      Temps:          0       3       0       0       0       0       0       0       0       0       0       0       0       0
      Totals:         0       8       0       0       0       0       0       0       0       0       0       0       0       0
Total ram usage:        8 bytes
 Hardware stack levels used:    1
 Hardware stack levels required when called:    4
 This function calls:
		_LCDByte
		_LCDGotoXY
		_LCDWriteInt
		_LCDWriteString
 This function is called by:
		_main
 This function uses a non-reentrant model


 *************** function _ShowDate *****************
 Defined at:
		line 42 in file "main.c"
 Parameters:    Size  Location     Type
  x               1    wreg     unsigned char 
  y               1   14[BANK0 ] unsigned char 
  clear           1   15[BANK0 ] unsigned char 
  dow             1   16[BANK0 ] unsigned char 
  dd              1   17[BANK0 ] unsigned char 
  mm              1   18[BANK0 ] unsigned char 
  yy              1   19[BANK0 ] unsigned char 
 Auto vars:     Size  Location     Type
  x               1   23[BANK0 ] unsigned char 
 Return value:  Size  Location     Type
		None               void
 Registers used:
		wreg, fsr0l, fsr0h, fsr1l, fsr1h, status,2, status,0, pclath, cstack
 Tracked objects:
		On entry : 
		On exit  : 
		Unchanged: 
 Data sizes:     COMMON   BANK0   BANK1   BANK2   BANK3   BANK4   BANK5   BANK6   BANK7   BANK8   BANK9  BANK10  BANK11  BANK12
      Params:         0       6       0       0       0       0       0       0       0       0       0       0       0       0
      Locals:         0       1       0       0       0       0       0       0       0       0       0       0       0       0
      Temps:          0       3       0       0       0       0       0       0       0       0       0       0       0       0
      Totals:         0      10       0       0       0       0       0       0       0       0       0       0       0       0
Total ram usage:       10 bytes
 Hardware stack levels used:    1
 Hardware stack levels required when called:    4
 This function calls:
		_LCDByte
		_LCDGotoXY
		_LCDWriteInt
		_LCDWriteString
 This function is called by:
		_main
 This function uses a non-reentrant model


 *************** function _LCDWriteString *****************
 Defined at:
		line 257 in file "lcd_hd44780_pic16.c"
 Parameters:    Size  Location     Type
  msg             2    0[BANK0 ] PTR const unsigned char 
		 -> STR_26(2), STR_25(2), STR_24(2), STR_23(2), 
		 -> STR_22(2), STR_21(2), STR_20(2), STR_19(2), 
		 -> STR_18(2), STR_17(2), STR_16(2), STR_15(2), 
		 -> STR_14(17), STR_13(15), STR_12(2), STR_11(2), 
		 -> STR_10(2), STR_9(5), STR_8(5), STR_7(5), 
		 -> STR_6(5), STR_5(5), STR_4(5), STR_3(5), 
		 -> STR_2(2), STR_1(2), 
 Auto vars:     Size  Location     Type
  cc              1    3[BANK0 ] char 
 Return value:  Size  Location     Type
		None               void
 Registers used:
		wreg, fsr0l, fsr0h, status,2, status,0, pclath, cstack
 Tracked objects:
		On entry : 
		On exit  : 
		Unchanged: 
 Data sizes:     COMMON   BANK0   BANK1   BANK2   BANK3   BANK4   BANK5   BANK6   BANK7   BANK8   BANK9  BANK10  BANK11  BANK12
      Params:         0       2       0       0       0       0       0       0       0       0       0       0       0       0
      Locals:         0       1       0       0       0       0       0       0       0       0       0       0       0       0
      Temps:          0       1       0       0       0       0       0       0       0       0       0       0       0       0
      Totals:         0       4       0       0       0       0       0       0       0       0       0       0       0       0
Total ram usage:        4 bytes
 Hardware stack levels used:    1
 Hardware stack levels required when called:    3
 This function calls:
		_LCDByte
 This function is called by:
		_ShowTime
		_ShowDate
		_main
		_Debug
 This function uses a non-reentrant model


 *************** function _LCDWriteInt *****************
 Defined at:
		line 313 in file "lcd_hd44780_pic16.c"
 Parameters:    Size  Location     Type
  val             2    0[BANK0 ] int 
  field_length    1    2[BANK0 ] char 
 Auto vars:     Size  Location     Type
  str             5    5[BANK0 ] unsigned char [5]
  i               2   12[BANK0 ] int 
  j               2   10[BANK0 ] int 
 Return value:  Size  Location     Type
		None               void
 Registers used:
		wreg, fsr0l, fsr0h, fsr1l, fsr1h, status,2, status,0, pclath, cstack
 Tracked objects:
		On entry : 
		On exit  : 
		Unchanged: 
 Data sizes:     COMMON   BANK0   BANK1   BANK2   BANK3   BANK4   BANK5   BANK6   BANK7   BANK8   BANK9  BANK10  BANK11  BANK12
      Params:         0       3       0       0       0       0       0       0       0       0       0       0       0       0
      Locals:         0       9       0       0       0       0       0       0       0       0       0       0       0       0
      Temps:          0       2       0       0       0       0       0       0       0       0       0       0       0       0
      Totals:         0      14       0       0       0       0       0       0       0       0       0       0       0       0
Total ram usage:       14 bytes
 Hardware stack levels used:    1
 Hardware stack levels required when called:    3
 This function calls:
		_LCDByte
		___awdiv
		___awmod
 This function is called by:
		_ShowTime
		_ShowDate
 This function uses a non-reentrant model


 *************** function _LCDGotoXY *****************
 Defined at:
		line 358 in file "lcd_hd44780_pic16.c"
 Parameters:    Size  Location     Type
  x               1    wreg     unsigned char 
  y               1    0[BANK0 ] unsigned char 
 Auto vars:     Size  Location     Type
  x               1    2[BANK0 ] unsigned char 
 Return value:  Size  Location     Type
		None               void
 Registers used:
		wreg, fsr0l, fsr0h, status,2, status,0, pclath, cstack
 Tracked objects:
		On entry : 
		On exit  : 
		Unchanged: 
 Data sizes:     COMMON   BANK0   BANK1   BANK2   BANK3   BANK4   BANK5   BANK6   BANK7   BANK8   BANK9  BANK10  BANK11  BANK12
      Params:         0       1       0       0       0       0       0       0       0       0       0       0       0       0
      Locals:         0       1       0       0       0       0       0       0       0       0       0       0       0       0
      Temps:          0       1       0       0       0       0       0       0       0       0       0       0       0       0
      Totals:         0       3       0       0       0       0       0       0       0       0       0       0       0       0
Total ram usage:        3 bytes
 Hardware stack levels used:    1
 Hardware stack levels required when called:    3
 This function calls:
		_LCDByte
 This function is called by:
		_ShowTime
		_ShowDate
		_main
		_Debug
 This function uses a non-reentrant model


 *************** function _SetUpDevice *****************
 Defined at:
		line 204 in file "main.c"
 Parameters:    Size  Location     Type
		None
 Auto vars:     Size  Location     Type
		None
 Return value:  Size  Location     Type
		None               void
 Registers used:
		wreg, status,2, status,0
 Tracked objects:
		On entry : 
		On exit  : 
		Unchanged: 
 Data sizes:     COMMON   BANK0   BANK1   BANK2   BANK3   BANK4   BANK5   BANK6   BANK7   BANK8   BANK9  BANK10  BANK11  BANK12
      Params:         0       0       0       0       0       0       0       0       0       0       0       0       0       0
      Locals:         0       0       0       0       0       0       0       0       0       0       0       0       0       0
      Temps:          0       0       0       0       0       0       0       0       0       0       0       0       0       0
      Totals:         0       0       0       0       0       0       0       0       0       0       0       0       0       0
Total ram usage:        0 bytes
 Hardware stack levels used:    1
 Hardware stack levels required when called:    1
 This function calls:
		Nothing
 This function is called by:
		_main
 This function uses a non-reentrant model


 *************** function _LCDInit *****************
 Defined at:
		line 199 in file "lcd_hd44780_pic16.c"
 Parameters:    Size  Location     Type
  style           1    wreg     unsigned char 
 Auto vars:     Size  Location     Type
  style           1    3[BANK0 ] unsigned char 
  __i             1    4[BANK0 ] unsigned char 
 Return value:  Size  Location     Type
		None               void
 Registers used:
		wreg, fsr1l, fsr1h, status,2, status,0, pclath, cstack
 Tracked objects:
		On entry : 
		On exit  : 
		Unchanged: 
 Data sizes:     COMMON   BANK0   BANK1   BANK2   BANK3   BANK4   BANK5   BANK6   BANK7   BANK8   BANK9  BANK10  BANK11  BANK12
      Params:         0       0       0       0       0       0       0       0       0       0       0       0       0       0
      Locals:         0       2       0       0       0       0       0       0       0       0       0       0       0       0
      Temps:          0       3       0       0       0       0       0       0       0       0       0       0       0       0
      Totals:         0       5       0       0       0       0       0       0       0       0       0       0       0       0
Total ram usage:        5 bytes
 Hardware stack levels used:    1
 Hardware stack levels required when called:    3
 This function calls:
		_LCDBusyLoop
		_LCDByte
 This function is called by:
		_main
 This function uses a non-reentrant model


 *************** function _LCDByte *****************
 Defined at:
		line 82 in file "lcd_hd44780_pic16.c"
 Parameters:    Size  Location     Type
  c               1    wreg     unsigned char 
  isdata          1    4[COMMON] unsigned char 
 Auto vars:     Size  Location     Type
  c               1    9[COMMON] unsigned char 
  temp            1   10[COMMON] unsigned char 
  ln              1    8[COMMON] unsigned char 
  hn              1    7[COMMON] unsigned char 
 Return value:  Size  Location     Type
		None               void
 Registers used:
		wreg, status,2, status,0, pclath, cstack
 Tracked objects:
		On entry : 
		On exit  : 
		Unchanged: 
 Data sizes:     COMMON   BANK0   BANK1   BANK2   BANK3   BANK4   BANK5   BANK6   BANK7   BANK8   BANK9  BANK10  BANK11  BANK12
      Params:         1       0       0       0       0       0       0       0       0       0       0       0       0       0
      Locals:         4       0       0       0       0       0       0       0       0       0       0       0       0       0
      Temps:          2       0       0       0       0       0       0       0       0       0       0       0       0       0
      Totals:         7       0       0       0       0       0       0       0       0       0       0       0       0       0
Total ram usage:        7 bytes
 Hardware stack levels used:    1
 Hardware stack levels required when called:    2
 This function calls:
		_LCDBusyLoop
 This function is called by:
		_ShowTime
		_ShowDate
		_main
		_LCDInit
		_LCDWriteString
		_LCDWriteInt
		_LCDGotoXY
		_Debug
 This function uses a non-reentrant model


 *************** function _LCDBusyLoop *****************
 Defined at:
		line 139 in file "lcd_hd44780_pic16.c"
 Parameters:    Size  Location     Type
		None
 Auto vars:     Size  Location     Type
		None
 Return value:  Size  Location     Type
		None               void
 Registers used:
		wreg
 Tracked objects:
		On entry : 
		On exit  : 
		Unchanged: 
 Data sizes:     COMMON   BANK0   BANK1   BANK2   BANK3   BANK4   BANK5   BANK6   BANK7   BANK8   BANK9  BANK10  BANK11  BANK12
      Params:         0       0       0       0       0       0       0       0       0       0       0       0       0       0
      Locals:         0       0       0       0       0       0       0       0       0       0       0       0       0       0
      Temps:          2       0       0       0       0       0       0       0       0       0       0       0       0       0
      Totals:         2       0       0       0       0       0       0       0       0       0       0       0       0       0
Total ram usage:        2 bytes
 Hardware stack levels used:    1
 Hardware stack levels required when called:    1
 This function calls:
		Nothing
 This function is called by:
		_LCDByte
		_LCDInit
 This function uses a non-reentrant model


 *************** function _DS1307StartOsc *****************
 Defined at:
		line 20 in file "ds1307.c"
 Parameters:    Size  Location     Type
		None
 Auto vars:     Size  Location     Type
		None
 Return value:  Size  Location     Type
		None               void
 Registers used:
		wreg, status,2, status,0, pclath, cstack
 Tracked objects:
		On entry : 
		On exit  : 
		Unchanged: 
 Data sizes:     COMMON   BANK0   BANK1   BANK2   BANK3   BANK4   BANK5   BANK6   BANK7   BANK8   BANK9  BANK10  BANK11  BANK12
      Params:         0       0       0       0       0       0       0       0       0       0       0       0       0       0
      Locals:         0       0       0       0       0       0       0       0       0       0       0       0       0       0
      Temps:          0       0       0       0       0       0       0       0       0       0       0       0       0       0
      Totals:         0       0       0       0       0       0       0       0       0       0       0       0       0       0
Total ram usage:        0 bytes
 Hardware stack levels used:    1
 Hardware stack levels required when called:    3
 This function calls:
		_i2c_Start
		_i2c_Stop
		_i2c_Write
 This function is called by:
		_main
 This function uses a non-reentrant model


 *************** function _DS1307SetTimeAndDate *****************
 Defined at:
		line 36 in file "ds1307.c"
 Parameters:    Size  Location     Type
  funch           1    wreg     unsigned char 
  funcm           1    0[BANK0 ] unsigned char 
  funcs           1    1[BANK0 ] unsigned char 
  funcDayOfThe    1    2[BANK0 ] unsigned char 
  funcday         1    3[BANK0 ] unsigned char 
  funcmonth       1    4[BANK0 ] unsigned char 
  funcyear        1    5[BANK0 ] unsigned char 
 Auto vars:     Size  Location     Type
  funch           1   22[BANK0 ] unsigned char 
  values          8   14[BANK0 ] unsigned char [8]
  i               1   23[BANK0 ] unsigned char 
 Return value:  Size  Location     Type
		None               void
 Registers used:
		wreg, fsr1l, fsr1h, status,2, status,0, pclath, cstack
 Tracked objects:
		On entry : 
		On exit  : 
		Unchanged: 
 Data sizes:     COMMON   BANK0   BANK1   BANK2   BANK3   BANK4   BANK5   BANK6   BANK7   BANK8   BANK9  BANK10  BANK11  BANK12
      Params:         0       6       0       0       0       0       0       0       0       0       0       0       0       0
      Locals:         0      10       0       0       0       0       0       0       0       0       0       0       0       0
      Temps:          0       8       0       0       0       0       0       0       0       0       0       0       0       0
      Totals:         0      24       0       0       0       0       0       0       0       0       0       0       0       0
Total ram usage:       24 bytes
 Hardware stack levels used:    1
 Hardware stack levels required when called:    3
 This function calls:
		___awdiv
		___awmod
		_i2c_Start
		_i2c_Stop
		_i2c_Write
 This function is called by:
		_main
 This function uses a non-reentrant model


 *************** function ___awmod *****************
 Defined at:
		line 6 in file "C:\Program Files (x86)\Microchip\xc8\v1.33\sources\common\awmod.c"
 Parameters:    Size  Location     Type
  divisor         2    2[COMMON] int 
  dividend        2    4[COMMON] int 
 Auto vars:     Size  Location     Type
  sign            1    8[COMMON] unsigned char 
  counter         1    7[COMMON] unsigned char 
 Return value:  Size  Location     Type
                  2    2[COMMON] int 
 Registers used:
		wreg, status,2, status,0
 Tracked objects:
		On entry : 
		On exit  : 
		Unchanged: 
 Data sizes:     COMMON   BANK0   BANK1   BANK2   BANK3   BANK4   BANK5   BANK6   BANK7   BANK8   BANK9  BANK10  BANK11  BANK12
      Params:         4       0       0       0       0       0       0       0       0       0       0       0       0       0
      Locals:         2       0       0       0       0       0       0       0       0       0       0       0       0       0
      Temps:          1       0       0       0       0       0       0       0       0       0       0       0       0       0
      Totals:         7       0       0       0       0       0       0       0       0       0       0       0       0       0
Total ram usage:        7 bytes
 Hardware stack levels used:    1
 Hardware stack levels required when called:    1
 This function calls:
		Nothing
 This function is called by:
		_DS1307SetTimeAndDate
		_LCDWriteInt
 This function uses a non-reentrant model


 *************** function ___awdiv *****************
 Defined at:
		line 6 in file "C:\Program Files (x86)\Microchip\xc8\v1.33\sources\common\awdiv.c"
 Parameters:    Size  Location     Type
  divisor         2    2[COMMON] int 
  dividend        2    4[COMMON] int 
 Auto vars:     Size  Location     Type
  quotient        2    9[COMMON] int 
  sign            1    8[COMMON] unsigned char 
  counter         1    7[COMMON] unsigned char 
 Return value:  Size  Location     Type
                  2    2[COMMON] int 
 Registers used:
		wreg, status,2, status,0
 Tracked objects:
		On entry : 
		On exit  : 
		Unchanged: 
 Data sizes:     COMMON   BANK0   BANK1   BANK2   BANK3   BANK4   BANK5   BANK6   BANK7   BANK8   BANK9  BANK10  BANK11  BANK12
      Params:         4       0       0       0       0       0       0       0       0       0       0       0       0       0
      Locals:         4       0       0       0       0       0       0       0       0       0       0       0       0       0
      Temps:          1       0       0       0       0       0       0       0       0       0       0       0       0       0
      Totals:         9       0       0       0       0       0       0       0       0       0       0       0       0       0
Total ram usage:        9 bytes
 Hardware stack levels used:    1
 Hardware stack levels required when called:    1
 This function calls:
		Nothing
 This function is called by:
		_DS1307SetTimeAndDate
		_LCDWriteInt
 This function uses a non-reentrant model


 *************** function _DS1307GetYear *****************
 Defined at:
		line 132 in file "ds1307.c"
 Parameters:    Size  Location     Type
		None
 Auto vars:     Size  Location     Type
  u8data          1   10[COMMON] unsigned char 
 Return value:  Size  Location     Type
                  1    wreg      unsigned char 
 Registers used:
		wreg, status,2, status,0, pclath, cstack
 Tracked objects:
		On entry : 
		On exit  : 
		Unchanged: 
 Data sizes:     COMMON   BANK0   BANK1   BANK2   BANK3   BANK4   BANK5   BANK6   BANK7   BANK8   BANK9  BANK10  BANK11  BANK12
      Params:         0       0       0       0       0       0       0       0       0       0       0       0       0       0
      Locals:         1       0       0       0       0       0       0       0       0       0       0       0       0       0
      Temps:          0       4       0       0       0       0       0       0       0       0       0       0       0       0
      Totals:         1       4       0       0       0       0       0       0       0       0       0       0       0       0
Total ram usage:        5 bytes
 Hardware stack levels used:    1
 Hardware stack levels required when called:    4
 This function calls:
		_DS1307ReadDataFrom
		___bmul
 This function is called by:
		_main
 This function uses a non-reentrant model


 *************** function _DS1307GetSeconds *****************
 Defined at:
		line 91 in file "ds1307.c"
 Parameters:    Size  Location     Type
		None
 Auto vars:     Size  Location     Type
  u8data          1    6[BANK0 ] unsigned char 
  sec10           1    5[BANK0 ] unsigned char 
 Return value:  Size  Location     Type
                  1    wreg      unsigned char 
 Registers used:
		wreg, status,2, status,0, pclath, cstack
 Tracked objects:
		On entry : 
		On exit  : 
		Unchanged: 
 Data sizes:     COMMON   BANK0   BANK1   BANK2   BANK3   BANK4   BANK5   BANK6   BANK7   BANK8   BANK9  BANK10  BANK11  BANK12
      Params:         0       0       0       0       0       0       0       0       0       0       0       0       0       0
      Locals:         0       2       0       0       0       0       0       0       0       0       0       0       0       0
      Temps:          0       3       0       0       0       0       0       0       0       0       0       0       0       0
      Totals:         0       5       0       0       0       0       0       0       0       0       0       0       0       0
Total ram usage:        5 bytes
 Hardware stack levels used:    1
 Hardware stack levels required when called:    4
 This function calls:
		_DS1307ReadDataFrom
		___bmul
 This function is called by:
		_main
 This function uses a non-reentrant model


 *************** function _DS1307GetMonth *****************
 Defined at:
		line 124 in file "ds1307.c"
 Parameters:    Size  Location     Type
		None
 Auto vars:     Size  Location     Type
  u8data          1   10[COMMON] unsigned char 
 Return value:  Size  Location     Type
                  1    wreg      unsigned char 
 Registers used:
		wreg, status,2, status,0, pclath, cstack
 Tracked objects:
		On entry : 
		On exit  : 
		Unchanged: 
 Data sizes:     COMMON   BANK0   BANK1   BANK2   BANK3   BANK4   BANK5   BANK6   BANK7   BANK8   BANK9  BANK10  BANK11  BANK12
      Params:         0       0       0       0       0       0       0       0       0       0       0       0       0       0
      Locals:         1       0       0       0       0       0       0       0       0       0       0       0       0       0
      Temps:          0       4       0       0       0       0       0       0       0       0       0       0       0       0
      Totals:         1       4       0       0       0       0       0       0       0       0       0       0       0       0
Total ram usage:        5 bytes
 Hardware stack levels used:    1
 Hardware stack levels required when called:    4
 This function calls:
		_DS1307ReadDataFrom
		___bmul
 This function is called by:
		_main
 This function uses a non-reentrant model


 *************** function _DS1307GetMinutes *****************
 Defined at:
		line 100 in file "ds1307.c"
 Parameters:    Size  Location     Type
		None
 Auto vars:     Size  Location     Type
  u8data          1   10[COMMON] unsigned char 
 Return value:  Size  Location     Type
                  1    wreg      unsigned char 
 Registers used:
		wreg, status,2, status,0, pclath, cstack
 Tracked objects:
		On entry : 
		On exit  : 
		Unchanged: 
 Data sizes:     COMMON   BANK0   BANK1   BANK2   BANK3   BANK4   BANK5   BANK6   BANK7   BANK8   BANK9  BANK10  BANK11  BANK12
      Params:         0       0       0       0       0       0       0       0       0       0       0       0       0       0
      Locals:         1       0       0       0       0       0       0       0       0       0       0       0       0       0
      Temps:          0       4       0       0       0       0       0       0       0       0       0       0       0       0
      Totals:         1       4       0       0       0       0       0       0       0       0       0       0       0       0
Total ram usage:        5 bytes
 Hardware stack levels used:    1
 Hardware stack levels required when called:    4
 This function calls:
		_DS1307ReadDataFrom
		___bmul
 This function is called by:
		_main
 This function uses a non-reentrant model


 *************** function _DS1307GetHours *****************
 Defined at:
		line 107 in file "ds1307.c"
 Parameters:    Size  Location     Type
		None
 Auto vars:     Size  Location     Type
  u8data          1   10[COMMON] unsigned char 
 Return value:  Size  Location     Type
                  1    wreg      unsigned char 
 Registers used:
		wreg, status,2, status,0, pclath, cstack
 Tracked objects:
		On entry : 
		On exit  : 
		Unchanged: 
 Data sizes:     COMMON   BANK0   BANK1   BANK2   BANK3   BANK4   BANK5   BANK6   BANK7   BANK8   BANK9  BANK10  BANK11  BANK12
      Params:         0       0       0       0       0       0       0       0       0       0       0       0       0       0
      Locals:         1       0       0       0       0       0       0       0       0       0       0       0       0       0
      Temps:          0       4       0       0       0       0       0       0       0       0       0       0       0       0
      Totals:         1       4       0       0       0       0       0       0       0       0       0       0       0       0
Total ram usage:        5 bytes
 Hardware stack levels used:    1
 Hardware stack levels required when called:    4
 This function calls:
		_DS1307ReadDataFrom
		___bmul
 This function is called by:
		_main
 This function uses a non-reentrant model


 *************** function _DS1307GetDayOfWeek *****************
 Defined at:
		line 113 in file "ds1307.c"
 Parameters:    Size  Location     Type
		None
 Auto vars:     Size  Location     Type
  u8data          1    2[BANK0 ] unsigned char 
 Return value:  Size  Location     Type
                  1    wreg      unsigned char 
 Registers used:
		wreg, status,2, status,0, pclath, cstack
 Tracked objects:
		On entry : 
		On exit  : 
		Unchanged: 
 Data sizes:     COMMON   BANK0   BANK1   BANK2   BANK3   BANK4   BANK5   BANK6   BANK7   BANK8   BANK9  BANK10  BANK11  BANK12
      Params:         0       0       0       0       0       0       0       0       0       0       0       0       0       0
      Locals:         0       1       0       0       0       0       0       0       0       0       0       0       0       0
      Temps:          1       0       0       0       0       0       0       0       0       0       0       0       0       0
      Totals:         1       1       0       0       0       0       0       0       0       0       0       0       0       0
Total ram usage:        2 bytes
 Hardware stack levels used:    1
 Hardware stack levels required when called:    4
 This function calls:
		_DS1307ReadDataFrom
 This function is called by:
		_main
 This function uses a non-reentrant model


 *************** function _DS1307GetDay *****************
 Defined at:
		line 118 in file "ds1307.c"
 Parameters:    Size  Location     Type
		None
 Auto vars:     Size  Location     Type
  u8data          1   10[COMMON] unsigned char 
 Return value:  Size  Location     Type
                  1    wreg      unsigned char 
 Registers used:
		wreg, status,2, status,0, pclath, cstack
 Tracked objects:
		On entry : 
		On exit  : 
		Unchanged: 
 Data sizes:     COMMON   BANK0   BANK1   BANK2   BANK3   BANK4   BANK5   BANK6   BANK7   BANK8   BANK9  BANK10  BANK11  BANK12
      Params:         0       0       0       0       0       0       0       0       0       0       0       0       0       0
      Locals:         1       0       0       0       0       0       0       0       0       0       0       0       0       0
      Temps:          0       4       0       0       0       0       0       0       0       0       0       0       0       0
      Totals:         1       4       0       0       0       0       0       0       0       0       0       0       0       0
Total ram usage:        5 bytes
 Hardware stack levels used:    1
 Hardware stack levels required when called:    4
 This function calls:
		_DS1307ReadDataFrom
		___bmul
 This function is called by:
		_main
 This function uses a non-reentrant model


 *************** function ___bmul *****************
 Defined at:
		line 4 in file "C:\Program Files (x86)\Microchip\xc8\v1.33\sources\common\Umul8.c"
 Parameters:    Size  Location     Type
  multiplier      1    wreg     unsigned char 
  multiplicand    1    2[COMMON] unsigned char 
 Auto vars:     Size  Location     Type
  multiplier      1    5[COMMON] unsigned char 
  product         1    4[COMMON] unsigned char 
 Return value:  Size  Location     Type
                  1    wreg      unsigned char 
 Registers used:
		wreg, status,2, status,0
 Tracked objects:
		On entry : 
		On exit  : 
		Unchanged: 
 Data sizes:     COMMON   BANK0   BANK1   BANK2   BANK3   BANK4   BANK5   BANK6   BANK7   BANK8   BANK9  BANK10  BANK11  BANK12
      Params:         1       0       0       0       0       0       0       0       0       0       0       0       0       0
      Locals:         2       0       0       0       0       0       0       0       0       0       0       0       0       0
      Temps:          1       0       0       0       0       0       0       0       0       0       0       0       0       0
      Totals:         4       0       0       0       0       0       0       0       0       0       0       0       0       0
Total ram usage:        4 bytes
 Hardware stack levels used:    1
 Hardware stack levels required when called:    1
 This function calls:
		Nothing
 This function is called by:
		_DS1307GetSeconds
		_DS1307GetMinutes
		_DS1307GetHours
		_DS1307GetDay
		_DS1307GetMonth
		_DS1307GetYear
 This function uses a non-reentrant model


 *************** function _DS1307ReadDataFrom *****************
 Defined at:
		line 72 in file "ds1307.c"
 Parameters:    Size  Location     Type
  mem             1    wreg     unsigned char 
 Auto vars:     Size  Location     Type
  mem             1    0[BANK0 ] unsigned char 
  u8data          1    1[BANK0 ] unsigned char 
 Return value:  Size  Location     Type
                  1    wreg      unsigned char 
 Registers used:
		wreg, status,2, status,0, pclath, cstack
 Tracked objects:
		On entry : 
		On exit  : 
		Unchanged: 
 Data sizes:     COMMON   BANK0   BANK1   BANK2   BANK3   BANK4   BANK5   BANK6   BANK7   BANK8   BANK9  BANK10  BANK11  BANK12
      Params:         0       0       0       0       0       0       0       0       0       0       0       0       0       0
      Locals:         0       2       0       0       0       0       0       0       0       0       0       0       0       0
      Temps:          1       0       0       0       0       0       0       0       0       0       0       0       0       0
      Totals:         1       2       0       0       0       0       0       0       0       0       0       0       0       0
Total ram usage:        3 bytes
 Hardware stack levels used:    1
 Hardware stack levels required when called:    3
 This function calls:
		_i2c_Start
		_i2c_Stop
		_i2c_Write
		_i2c_readByte
		_i2c_sendNACK
 This function is called by:
		_DS1307GetSeconds
		_DS1307GetMinutes
		_DS1307GetHours
		_DS1307GetDayOfWeek
		_DS1307GetDay
		_DS1307GetMonth
		_DS1307GetYear
		_DS1307GetTenSeconds
		_DS1307GetTenMinutes
		_DS1307GetTenHours
		_DS1307GetTenDate
		_DS1307GetTenMonth
		_DS1307GetTenYear
 This function uses a non-reentrant model


 *************** function _i2c_sendNACK *****************
 Defined at:
		line 86 in file "i2cbysk.c"
 Parameters:    Size  Location     Type
		None
 Auto vars:     Size  Location     Type
		None
 Return value:  Size  Location     Type
		None               void
 Registers used:
		None
 Tracked objects:
		On entry : 
		On exit  : 
		Unchanged: 
 Data sizes:     COMMON   BANK0   BANK1   BANK2   BANK3   BANK4   BANK5   BANK6   BANK7   BANK8   BANK9  BANK10  BANK11  BANK12
      Params:         0       0       0       0       0       0       0       0       0       0       0       0       0       0
      Locals:         0       0       0       0       0       0       0       0       0       0       0       0       0       0
      Temps:          0       0       0       0       0       0       0       0       0       0       0       0       0       0
      Totals:         0       0       0       0       0       0       0       0       0       0       0       0       0       0
Total ram usage:        0 bytes
 Hardware stack levels used:    1
 Hardware stack levels required when called:    1
 This function calls:
		Nothing
 This function is called by:
		_DS1307ReadDataFrom
 This function uses a non-reentrant model


 *************** function _i2c_readByte *****************
 Defined at:
		line 98 in file "i2cbysk.c"
 Parameters:    Size  Location     Type
		None
 Auto vars:     Size  Location     Type
		None
 Return value:  Size  Location     Type
                  1    wreg      unsigned char 
 Registers used:
		wreg
 Tracked objects:
		On entry : 
		On exit  : 
		Unchanged: 
 Data sizes:     COMMON   BANK0   BANK1   BANK2   BANK3   BANK4   BANK5   BANK6   BANK7   BANK8   BANK9  BANK10  BANK11  BANK12
      Params:         0       0       0       0       0       0       0       0       0       0       0       0       0       0
      Locals:         0       0       0       0       0       0       0       0       0       0       0       0       0       0
      Temps:          0       0       0       0       0       0       0       0       0       0       0       0       0       0
      Totals:         0       0       0       0       0       0       0       0       0       0       0       0       0       0
Total ram usage:        0 bytes
 Hardware stack levels used:    1
 Hardware stack levels required when called:    1
 This function calls:
		Nothing
 This function is called by:
		_DS1307ReadDataFrom
 This function uses a non-reentrant model


 *************** function _i2c_Write *****************
 Defined at:
		line 104 in file "i2cbysk.c"
 Parameters:    Size  Location     Type
  data            1    wreg     unsigned char 
 Auto vars:     Size  Location     Type
  data            1    8[COMMON] unsigned char 
 Return value:  Size  Location     Type
                  1    wreg      unsigned char 
 Registers used:
		wreg, status,2, status,0, pclath, cstack
 Tracked objects:
		On entry : 
		On exit  : 
		Unchanged: 
 Data sizes:     COMMON   BANK0   BANK1   BANK2   BANK3   BANK4   BANK5   BANK6   BANK7   BANK8   BANK9  BANK10  BANK11  BANK12
      Params:         0       0       0       0       0       0       0       0       0       0       0       0       0       0
      Locals:         1       0       0       0       0       0       0       0       0       0       0       0       0       0
      Temps:          0       0       0       0       0       0       0       0       0       0       0       0       0       0
      Totals:         1       0       0       0       0       0       0       0       0       0       0       0       0       0
Total ram usage:        1 bytes
 Hardware stack levels used:    1
 Hardware stack levels required when called:    2
 This function calls:
		_i2c_waitIDLE
 This function is called by:
		_DS1307StartOsc
		_DS1307SetTimeAndDate
		_DS1307ReadDataFrom
 This function uses a non-reentrant model


 *************** function _i2c_waitIDLE *****************
 Defined at:
		line 76 in file "i2cbysk.c"
 Parameters:    Size  Location     Type
		None
 Auto vars:     Size  Location     Type
		None
 Return value:  Size  Location     Type
		None               void
 Registers used:
		wreg, status,2, status,0
 Tracked objects:
		On entry : 
		On exit  : 
		Unchanged: 
 Data sizes:     COMMON   BANK0   BANK1   BANK2   BANK3   BANK4   BANK5   BANK6   BANK7   BANK8   BANK9  BANK10  BANK11  BANK12
      Params:         0       0       0       0       0       0       0       0       0       0       0       0       0       0
      Locals:         0       0       0       0       0       0       0       0       0       0       0       0       0       0
      Temps:          6       0       0       0       0       0       0       0       0       0       0       0       0       0
      Totals:         6       0       0       0       0       0       0       0       0       0       0       0       0       0
Total ram usage:        6 bytes
 Hardware stack levels used:    1
 Hardware stack levels required when called:    1
 This function calls:
		Nothing
 This function is called by:
		_i2c_Write
		_i2c_sendByte
 This function uses a non-reentrant model


 *************** function _i2c_Stop *****************
 Defined at:
		line 71 in file "i2cbysk.c"
 Parameters:    Size  Location     Type
		None
 Auto vars:     Size  Location     Type
		None
 Return value:  Size  Location     Type
		None               void
 Registers used:
		None
 Tracked objects:
		On entry : 
		On exit  : 
		Unchanged: 
 Data sizes:     COMMON   BANK0   BANK1   BANK2   BANK3   BANK4   BANK5   BANK6   BANK7   BANK8   BANK9  BANK10  BANK11  BANK12
      Params:         0       0       0       0       0       0       0       0       0       0       0       0       0       0
      Locals:         0       0       0       0       0       0       0       0       0       0       0       0       0       0
      Temps:          0       0       0       0       0       0       0       0       0       0       0       0       0       0
      Totals:         0       0       0       0       0       0       0       0       0       0       0       0       0       0
Total ram usage:        0 bytes
 Hardware stack levels used:    1
 Hardware stack levels required when called:    1
 This function calls:
		Nothing
 This function is called by:
		_DS1307StartOsc
		_DS1307SetTimeAndDate
		_DS1307ReadDataFrom
 This function uses a non-reentrant model


 *************** function _i2c_Start *****************
 Defined at:
		line 61 in file "i2cbysk.c"
 Parameters:    Size  Location     Type
		None
 Auto vars:     Size  Location     Type
		None
 Return value:  Size  Location     Type
		None               void
 Registers used:
		None
 Tracked objects:
		On entry : 
		On exit  : 
		Unchanged: 
 Data sizes:     COMMON   BANK0   BANK1   BANK2   BANK3   BANK4   BANK5   BANK6   BANK7   BANK8   BANK9  BANK10  BANK11  BANK12
      Params:         0       0       0       0       0       0       0       0       0       0       0       0       0       0
      Locals:         0       0       0       0       0       0       0       0       0       0       0       0       0       0
      Temps:          0       0       0       0       0       0       0       0       0       0       0       0       0       0
      Totals:         0       0       0       0       0       0       0       0       0       0       0       0       0       0
Total ram usage:        0 bytes
 Hardware stack levels used:    1
 Hardware stack levels required when called:    1
 This function calls:
		Nothing
 This function is called by:
		_DS1307StartOsc
		_DS1307SetTimeAndDate
		_DS1307ReadDataFrom
 This function uses a non-reentrant model


 *************** function _ISRRoutine *****************
 Defined at:
		line 261 in file "main.c"
 Parameters:    Size  Location     Type
		None
 Auto vars:     Size  Location     Type
		None
 Return value:  Size  Location     Type
		None               void
 Registers used:
		wreg, status,2
 Tracked objects:
		On entry : 
		On exit  : 
		Unchanged: 
 Data sizes:     COMMON   BANK0   BANK1   BANK2   BANK3   BANK4   BANK5   BANK6   BANK7   BANK8   BANK9  BANK10  BANK11  BANK12
      Params:         0       0       0       0       0       0       0       0       0       0       0       0       0       0
      Locals:         0       0       0       0       0       0       0       0       0       0       0       0       0       0
      Temps:          2       0       0       0       0       0       0       0       0       0       0       0       0       0
      Totals:         2       0       0       0       0       0       0       0       0       0       0       0       0       0
Total ram usage:        2 bytes
 Hardware stack levels used:    1
 This function calls:
		Nothing
 This function is called by:
		Interrupt level 1
 This function uses a non-reentrant model



MODULE INFORMATION

Module		Function		Class		Link	Load	Size
i2cbysk.c
		_i2c_Write     		CODE           	0E5E	0000	9
		_i2c_Stop      		CODE           	0E48	0000	5
		_i2c_Start     		CODE           	0E43	0000	5
		_i2c_waitIDLE  		CODE           	0EBE	0000	31
		_i2c_init      		CODE           	0E93	0000	21
		_i2c_readByte  		CODE           	0E52	0000	6
		_i2c_sendNACK  		CODE           	0E3F	0000	4

i2cbysk.c estimated size: 81

C:\Program Files (x86)\Microchip\xc8\v1.33\sources\common\awmod.c
		___awmod       		CODE           	074B	0000	71

C:\Program Files (x86)\Microchip\xc8\v1.33\sources\common\awmod.c estimated size: 71

ds1307.c
		_DS1307GetDay  		CODE           	0EDD	0000	31
		_DS1307GetYear 		CODE           	0F59	0000	31
		_DS1307ReadData		CODE           	0F78	0000	36
		_DS1307GetSecon		CODE           	07D3	0000	38
		_DS1307GetMinut		CODE           	0F1B	0000	31
		_DS1307GetMonth		CODE           	0F3A	0000	31
		_DS1307GetHours		CODE           	0EFC	0000	31
		_DS1307GetDayOf		CODE           	0E67	0000	9
		_DS1307StartOsc		CODE           	0E81	0000	18
		_DS1307SetTimeA		CODE           	0335	0000	299

ds1307.c estimated size: 555

C:\Program Files (x86)\Microchip\xc8\v1.33\sources\common\awdiv.c
		___awdiv       		CODE           	0604	0000	83

C:\Program Files (x86)\Microchip\xc8\v1.33\sources\common\awdiv.c estimated size: 83

shared
		__stringdata   		STRCODE        	0700	0000	75
		__initializatio		CODE           	0037	0000	32

shared estimated size: 107

C:\Program Files (x86)\Microchip\xc8\v1.33\sources\common\Umul8.c
		___bmul        		CODE           	0E70	0000	17

C:\Program Files (x86)\Microchip\xc8\v1.33\sources\common\Umul8.c estimated size: 17

lcd_hd44780_pic16.c
		_LCDByte       		CODE           	0657	0000	81
		_LCDWriteInt   		CODE           	0511	0000	155
		_LCDInit       		CODE           	05AC	0000	88
		_LCDWriteString		CODE           	0792	0000	65
		_LCDGotoXY     		CODE           	0F9C	0000	36
		_LCDBusyLoop   		CODE           	06F4	0000	10

lcd_hd44780_pic16.c estimated size: 435

main.c
		_ShowDate      		CODE           	0460	0000	177
		_main          		CODE           	005B	0000	730
		_ISRRoutine    		CODE           	0004	0000	49
		_SetUpDevice   		CODE           	0EA8	0000	22
		_ShowTime      		CODE           	06A8	0000	76

main.c estimated size: 1054

